Renesas Optimizing Linker (V3.06.00 )             13-Nov-2024 14:42:54

*** Options ***

-subcommand=Linkericon_ais.tmp
-MAKEUD="D:\Work\project_svn\2024\TECH_ROUND_COLD_WATER_TANK\Program\Main\icon_ais\HardwareDebug/icon_ais_l.ud" 
-device="C:/Users/20017497/.eclipse/com.renesas.platform_1435879475/DebugComp/RL78/RL78/Common/DR7F100GPJ.DVF" 
-list 
-nooptimize 
-entry=_start 
-auto_section_layout 
-security_id=00000000000000000000 
-debug_monitor=3FE00-3FFFF 
-user_opt_byte=7FFAE8 
-ocdbg=84 
-ocdtr 
-input=".\src/smc_gen/r_bsp/board/generic_rl78_g23\stkinit.obj"
-input=".\src/smc_gen/r_bsp/mcu/all\cstart.obj"
-input=".\src/smc_gen/r_bsp/mcu/all\r_bsp_common_ccrl.obj"
-input=".\src/prj/Wifi/WifiEtc\WIFI_DataCheck.obj"
-input=".\src/prj/Wifi/WifiEtc\WIFI_Initialize.obj"
-input=".\src/prj/Wifi/WifiEtc\WIFI_ProcessApmode.obj"
-input=".\src/prj/Wifi/WifiEtc\WIFI_Status.obj"
-input=".\src/prj/Wifi/WifiEtc\WIFI_UartInterrupt.obj"
-input=".\src/prj/Wifi/WifiRx\WIFI_Fota.obj"
-input=".\src/prj/Wifi/WifiRx\WIFI_RxProcess.obj"
-input=".\src/prj/Wifi/WifiRx\WIFI_RxServer.obj"
-input=".\src/prj/Wifi/WifiSetting\WIFI_SetAccumulateData.obj"
-input=".\src/prj/Wifi/WifiSetting\WIFI_SetCommon.obj"
-input=".\src/prj/Wifi/WifiSetting\WIFI_SetErrorData.obj"
-input=".\src/prj/Wifi/WifiSetting\WIFI_SetFunctionData.obj"
-input=".\src/prj/Wifi/WifiSetting\WIFI_SetInformationData.obj"
-input=".\src/prj/Wifi/WifiSetting\WIFI_SetMonitorData.obj"
-input=".\src/prj/Wifi/WifiSetting\WIFI_SetPartData.obj"
-input=".\src/prj/Wifi/WifiSetting\WIFI_SetSensorData.obj"
-input=".\src/prj/Wifi/WifiTx\WIFI_TxForm.obj"
-input=".\src/prj/Wifi/WifiTx\WIFI_TxMake.obj"
-input=".\src/prj/Wifi/WifiTx\WIFI_TxProtocol.obj"
-input=".\src/prj/Wifi/WifiUser/AIS4.0\WIFI_MonitorFixRAM.obj"
-input=".\src/prj/Wifi/WifiUser/AIS4.0\WIFI_UserInterface_IconAIS.obj"
-input=".\src/prj/Wifi/WifiUser\WIFI_Common.obj"
-input=".\src/prj/Wifi/WifiUser\WIFI_Control.obj"
-input=".\src/prj/Wifi/WifiUser\WIFI_UserInterface.obj"
-input=".\src/prj/comm\comm.obj"
-input=".\src/prj/comm\crc16.obj"
-input=".\src/prj/comm\parser.obj"
-input=".\src/prj/comm\parser_comp.obj"
-input=".\src/prj/comm\parser_debug.obj"
-input=".\src/prj/comm\parser_eol.obj"
-input=".\src/prj/comm\parser_front.obj"
-input=".\src/prj/diagnosis\diagnosis.obj"
-input=".\src/prj/diagnosis\diagnosis_12v.obj"
-input=".\src/prj/diagnosis\diagnosis_24v.obj"
-input=".\src/prj/diagnosis\diagnosis_ac.obj"
-input=".\src/prj/diagnosis\diagnosis_feedback.obj"
-input=".\src/prj/diagnosis\diagnosis_sensor.obj"
-input=".\src/prj/diagnosis\monitoring.obj"
-input=".\src/prj/display\display.obj"
-input=".\src/prj/display\display_clock.obj"
-input=".\src/prj/display\display_eol.obj"
-input=".\src/prj/display\display_error.obj"
-input=".\src/prj/display\display_lib.obj"
-input=".\src/prj/display\front.obj"
-input=".\src/prj/display\process_display.obj"
-input=".\src/prj/drain\drain.obj"
-input=".\src/prj/drain\empty_cold_tank.obj"
-input=".\src/prj/eeprom\eeprom.obj"
-input=".\src/prj/eeprom\rtc.obj"
-input=".\src/prj/eol\eol.obj"
-input=".\src/prj/eol\eol_lever_handler.obj"
-input=".\src/prj/eol\key_eol_handler.obj"
-input=".\src/prj/eol\process_eol.obj"
-input=".\src/prj/error\err_comp_bldc.obj"
-input=".\src/prj/error\err_comp_bldc_comm.obj"
-input=".\src/prj/error\err_drain_pump.obj"
-input=".\src/prj/error\err_ice_tray.obj"
-input=".\src/prj/error\err_leak.obj"
-input=".\src/prj/error\err_leak_flow.obj"
-input=".\src/prj/error\err_outage_hot_water.obj"
-input=".\src/prj/error\err_outage_ice_tray.obj"
-input=".\src/prj/error\err_outage_water.obj"
-input=".\src/prj/error\err_temp.obj"
-input=".\src/prj/error\err_temp_ambient.obj"
-input=".\src/prj/error\err_temp_cold_water.obj"
-input=".\src/prj/error\err_temp_eva_1.obj"
-input=".\src/prj/error\err_temp_heater.obj"
-input=".\src/prj/error\err_temp_hot_overheat.obj"
-input=".\src/prj/error\err_temp_hot_water.obj"
-input=".\src/prj/error\err_temp_hot_water_in.obj"
-input=".\src/prj/error\err_temp_room_water.obj"
-input=".\src/prj/error\error.obj"
-input=".\src/prj/error\process_error.obj"
-input=".\src/prj/fct\fct.obj"
-input=".\src/prj/fct\fct_lever_handler.obj"
-input=".\src/prj/fct\key_fct_handler.obj"
-input=".\src/prj/fct\process_fct.obj"
-input=".\src/prj/filter\filter.obj"
-input=".\src/prj/hal\hal_adc.obj"
-input=".\src/prj/hal\hal_eeprom.obj"
-input=".\src/prj/hal\hal_fan_motor.obj"
-input=".\src/prj/hal\hal_i2c.obj"
-input=".\src/prj/hal\hal_input.obj"
-input=".\src/prj/hal\hal_key.obj"
-input=".\src/prj/hal\hal_led.obj"
-input=".\src/prj/hal\hal_level.obj"
-input=".\src/prj/hal\hal_pump.obj"
-input=".\src/prj/hal\hal_relay.obj"
-input=".\src/prj/hal\hal_serial.obj"
-input=".\src/prj/hal\hal_step_motor.obj"
-input=".\src/prj/hal\hal_uv.obj"
-input=".\src/prj/hal\hal_valve.obj"
-input=".\src/prj/health\drain_water.obj"
-input=".\src/prj/health\health.obj"
-input=".\src/prj/health\health_maker.obj"
-input=".\src/prj/health\process_uv.obj"
-input=".\src/prj/health\uv.obj"
-input=".\src/prj/ice_maker\deicing_table.obj"
-input=".\src/prj/ice_maker\dummy_deicing_table.obj"
-input=".\src/prj/ice_maker\ice.obj"
-input=".\src/prj/ice_maker\ice_maker.obj"
-input=".\src/prj/ice_maker\icing_table.obj"
-input=".\src/prj/io\comp.obj"
-input=".\src/prj/io\comp_bldc.obj"
-input=".\src/prj/io\drain_pump.obj"
-input=".\src/prj/io\fan_motor.obj"
-input=".\src/prj/io\flow_meter.obj"
-input=".\src/prj/io\flow_valve.obj"
-input=".\src/prj/io\gas_switch_valve.obj"
-input=".\src/prj/io\heater_out.obj"
-input=".\src/prj/io\heater_table.obj"
-input=".\src/prj/io\hot_water_flow.obj"
-input=".\src/prj/io\hot_water_heater.obj"
-input=".\src/prj/io\ice_door.obj"
-input=".\src/prj/io\ice_full.obj"
-input=".\src/prj/io\ice_tray.obj"
-input=".\src/prj/io\leak.obj"
-input=".\src/prj/io\process_make.obj"
-input=".\src/prj/io\relay.obj"
-input=".\src/prj/io\smps.obj"
-input=".\src/prj/io\swing_bar.obj"
-input=".\src/prj/io\valve.obj"
-input=".\src/prj/iocare\energy.obj"
-input=".\src/prj/iocare\smart_check.obj"
-input=".\src/prj/iocare\user.obj"
-input=".\src/prj/key\key.obj"
-input=".\src/prj/key\key_event_lib.obj"
-input=".\src/prj/key\key_handler.obj"
-input=".\src/prj/key\key_normal_handler.obj"
-input=".\src/prj/key\process_key.obj"
-input=".\src/prj/lever\lever.obj"
-input=".\src/prj/lever\lever_handler.obj"
-input=".\src/prj/lever\process_lever.obj"
-input=".\src/prj\main.obj"
-input=".\src/prj/metering\metering.obj"
-input=".\src/prj/power_saving\eco.obj"
-input=".\src/prj/power_saving\power_saving.obj"
-input=".\src/prj\process_sys_event.obj"
-input=".\src/prj/sensor\level.obj"
-input=".\src/prj/sensor\temp.obj"
-input=".\src/prj/sensor\temp_table_ambient.obj"
-input=".\src/prj/sensor\temp_table_cold.obj"
-input=".\src/prj/sensor\temp_table_cold_lattron.obj"
-input=".\src/prj/sensor\temp_table_common.obj"
-input=".\src/prj/sensor\temp_table_eva.obj"
-input=".\src/prj/sensor\temp_table_hot_in_out.obj"
-input=".\src/prj/sensor\temp_table_ice_tray_in.obj"
-input=".\src/prj/sensor\temp_table_room.obj"
-input=".\src/prj/service_check\cody_kit.obj"
-input=".\src/prj/service_check\ice_tray_test.obj"
-input=".\src/prj/service_check\service.obj"
-input=".\src/prj/sound\buzzer.obj"
-input=".\src/prj/sound\sound.obj"
-input=".\src/prj/sound\voice.obj"
-input=".\src/prj/time_short\time_short.obj"
-input=".\src/prj/timer\timer.obj"
-input=".\src/prj\util.obj"
-input=".\src/prj/water\cody_water_out.obj"
-input=".\src/prj/water\cold_water.obj"
-input=".\src/prj/water\cold_water_out.obj"
-input=".\src/prj/water\flush_water_out.obj"
-input=".\src/prj/water\hot_water.obj"
-input=".\src/prj/water\hot_water_out.obj"
-input=".\src/prj/water\hot_water_out_preheat.obj"
-input=".\src/prj/water\hot_water_temp_table.obj"
-input=".\src/prj/water\room_water_out.obj"
-input=".\src/prj/water\tank_clean.obj"
-input=".\src/prj/water\water_out.obj"
-input=".\src/prj/water\water_out_common.obj"
-input=".\src/smc_gen/Config_ADC\Config_ADC.obj"
-input=".\src/smc_gen/Config_ADC\Config_ADC_user.obj"
-input=".\src/smc_gen/Config_IICA0\Config_IICA0.obj"
-input=".\src/smc_gen/Config_INTC\Config_INTC.obj"
-input=".\src/smc_gen/Config_PORT\Config_PORT.obj"
-input=".\src/smc_gen/Config_PORT\Config_PORT_user.obj"
-input=".\src/smc_gen/Config_TAU0_0\Config_TAU0_0.obj"
-input=".\src/smc_gen/Config_TAU0_1\Config_TAU0_1.obj"
-input=".\src/smc_gen/Config_TAU0_2\Config_TAU0_2.obj"
-input=".\src/smc_gen/Config_TAU1_2\Config_TAU1_2.obj"
-input=".\src/smc_gen/Config_TAU1_2\Config_TAU1_2_user.obj"
-input=".\src/smc_gen/Config_UART0\Config_UART0.obj"
-input=".\src/smc_gen/Config_UART1\Config_UART1.obj"
-input=".\src/smc_gen/Config_UART2\Config_UART2.obj"
-input=".\src/smc_gen/Config_UART3\Config_UART3.obj"
-input=".\src/smc_gen/Config_WDT\Config_WDT.obj"
-input=".\src/smc_gen/Config_WDT\Config_WDT_user.obj"
-input=".\src/smc_gen/general\r_cg_ad_common.obj"
-input=".\src/smc_gen/general\r_cg_iica_common.obj"
-input=".\src/smc_gen/general\r_cg_lvd_common.obj"
-input=".\src/smc_gen/general\r_cg_lvd_common_user.obj"
-input=".\src/smc_gen/general\r_cg_sau_common.obj"
-input=".\src/smc_gen/general\r_cg_systeminit.obj"
-input=".\src/smc_gen/general\r_cg_tau_common.obj"
-input=".\src/smc_gen/r_bsp/board/generic_rl78_g23\hdwinit.obj"
-input=".\src/smc_gen/r_bsp/board/generic_rl78_g23\r_bsp_init.obj"
-input=".\src/smc_gen/r_bsp/mcu/all\r_bsp_common.obj"
-input=".\src/smc_gen/r_bsp/mcu/rl78_g23\mcu_clocks.obj"
-input=".\src/smc_gen/r_pincfg\Pin.obj"
-library="C:\Program Files (x86)\Renesas\RL78\1_13_0\lib\rl78em4s99.lib"
-library="C:\Program Files (x86)\Renesas\RL78\1_13_0\lib\rl78em4r.lib"
-library="C:\Program Files (x86)\Renesas\RL78\1_13_0\lib\malloc_n.lib"
-output="icon_ais.abs" 
-debug 
-nocompress 
-memory=high 
-rom=.data=.dataR,.sdata=.sdataR 
-nomessage 
-nologo

*** Error information ***

*** Mapping List ***

SECTION                            START      END         SIZE   ALIGN
.vect
                                  00000000  0000007f        80   0
.init_array
                                  00000080  00000080         0   2
.sdata
                                  00000080  00000080         0   2
.option_byte
                                  000000c0  000000c3         4   1
.security_id
                                  000000c4  000000cd         a   1
.monitor1
                                  000000ce  000000d7         a   1
.data
                                  000000d8  000018b1      17da   2
.text
                                  000018b2  00001c31       380   1
.RLIB
                                  00001c32  00002672       a41   1
.const
                                  00003000  00003000         0   2
.constf
                                  00003000  0000b253      8254   2
.textf
                                  0000b254  00038b55     2d902   1
.SLIB
                                  00038b56  0003a8c2      1d6d   1
.monitor2
                                  0003fe00  0003ffff       200   1
.bss
                                  000f9f00  000fc717      2818   2
.dataR
                                  000fc718  000fdef1      17da   2
.bss_ATFFC00
                                  000ffc00  000ffc01         2   1
.bss_ATFFC02
                                  000ffc02  000ffc03         2   1
.bss_ATFFC10
                                  000ffc10  000ffc10         1   1
.bss_ATFFC12
                                  000ffc12  000ffc12         1   1
.bss_ATFFC14
                                  000ffc14  000ffc14         1   1
.bss_ATFFC18
                                  000ffc18  000ffc19         2   1
.bss_ATFFC1A
                                  000ffc1a  000ffc1b         2   1
.bss_ATFFC1C
                                  000ffc1c  000ffc1d         2   1
.bss_ATFFC20
                                  000ffc20  000ffc20         1   1
.bss_ATFFC40
                                  000ffc40  000ffc41         2   1
.bss_ATFFC80
                                  000ffc80  000ffc81         2   1
.bss_ATFFCA0
                                  000ffca0  000ffca1         2   1
.bss_ATFFCA2
                                  000ffca2  000ffca3         2   1
.bss_ATFFCA4
                                  000ffca4  000ffca5         2   1
.sbss
                                  000ffe20  000ffe20         0   2
.sdataR
                                  000ffe20  000ffe20         0   2
